[0.012s][info][gc] Using The Z Garbage Collector
[0.157s][info][gc] GC(0) Garbage Collection (Warmup) 4M(22%)->4M(22%)
[0.242s][info][gc] GC(1) Garbage Collection (Warmup) 4M(22%)->4M(22%)
[1.159s][info][gc] GC(2) Garbage Collection (Warmup) 6M(33%)->4M(22%)
[4.169s][info][gc] GC(3) Garbage Collection (Proactive) 8M(44%)->6M(33%)
[16.358s][info][gc] GC(4) Garbage Collection (Proactive) 8M(44%)->8M(44%)
[16.458s][info][gc] GC(5) Garbage Collection (Allocation Rate) 12M(67%)->8M(44%)
[16.582s][info][gc] GC(6) Garbage Collection (Allocation Rate) 14M(78%)->10M(56%)
[16.655s][info][gc] GC(7) Garbage Collection (Allocation Rate) 14M(78%)->10M(56%)
[16.758s][info][gc] GC(8) Garbage Collection (Allocation Rate) 10M(56%)->10M(56%)
[16.863s][info][gc] GC(9) Garbage Collection (Allocation Rate) 12M(67%)->10M(56%)
[16.957s][info][gc] GC(10) Garbage Collection (Allocation Rate) 12M(67%)->10M(56%)
[17.065s][info][gc] GC(11) Garbage Collection (Allocation Rate) 12M(67%)->12M(67%)
[17.157s][info][gc] GC(12) Garbage Collection (Allocation Rate) 12M(67%)->12M(67%)
[17.277s][info][gc] GC(13) Garbage Collection (Allocation Rate) 12M(67%)->12M(67%)
[17.371s][info][gc] GC(14) Garbage Collection (Allocation Rate) 12M(67%)->12M(67%)
[17.465s][info][gc] GC(15) Garbage Collection (Allocation Rate) 12M(67%)->12M(67%)
[17.568s][info][gc] GC(16) Garbage Collection (Allocation Rate) 12M(67%)->12M(67%)
[17.669s][info][gc] GC(17) Garbage Collection (Allocation Rate) 12M(67%)->12M(67%)
[17.775s][info][gc] GC(18) Garbage Collection (Allocation Rate) 12M(67%)->12M(67%)
[17.863s][info][gc] GC(19) Garbage Collection (Allocation Rate) 12M(67%)->12M(67%)
[17.955s][info][gc] GC(20) Garbage Collection (Allocation Rate) 12M(67%)->12M(67%)
[18.062s][info][gc] GC(21) Garbage Collection (Allocation Rate) 12M(67%)->10M(56%)
[18.155s][info][gc] GC(22) Garbage Collection (Allocation Rate) 12M(67%)->12M(67%)
[18.262s][info][gc] GC(23) Garbage Collection (Allocation Rate) 12M(67%)->10M(56%)
[18.357s][info][gc] GC(24) Garbage Collection (Allocation Rate) 12M(67%)->10M(56%)
[18.451s][info][gc] GC(25) Garbage Collection (Allocation Rate) 12M(67%)->12M(67%)
[19.060s][info][gc] GC(26) Garbage Collection (Allocation Rate) 12M(67%)->12M(67%)
[19.166s][info][gc] GC(27) Garbage Collection (Allocation Rate) 12M(67%)->12M(67%)
[19.272s][info][gc] GC(28) Garbage Collection (Allocation Rate) 12M(67%)->12M(67%)
[19.367s][info][gc] GC(29) Garbage Collection (Allocation Rate) 12M(67%)->12M(67%)
[19.476s][info][gc] GC(30) Garbage Collection (Allocation Rate) 12M(67%)->12M(67%)
[20.665s][info][gc] GC(31) Garbage Collection (Allocation Rate) 12M(67%)->12M(67%)
[20.766s][info][gc] GC(32) Garbage Collection (Allocation Rate) 12M(67%)->12M(67%)
[24.457s][info][gc] GC(33) Garbage Collection (Proactive) 14M(78%)->12M(67%)
[34.176s][info][gc] GC(34) Garbage Collection (Proactive) 14M(78%)->8M(44%)
[36.881s][info][gc] GC(35) Garbage Collection (Proactive) 10M(56%)->10M(56%)
[39.162s][info][gc] GC(36) Garbage Collection (Proactive) 12M(67%)->10M(56%)
[41.172s][info][gc] GC(37) Garbage Collection (Proactive) 12M(67%)->10M(56%)
[42.963s][info][gc] GC(38) Garbage Collection (Proactive) 12M(67%)->10M(56%)
[44.561s][info][gc] GC(39) Garbage Collection (Proactive) 12M(67%)->10M(56%)
[46.176s][info][gc] GC(40) Garbage Collection (Proactive) 12M(67%)->10M(56%)
[47.669s][info][gc] GC(41) Garbage Collection (Proactive) 12M(67%)->10M(56%)
[49.163s][info][gc] GC(42) Garbage Collection (Proactive) 12M(67%)->10M(56%)
[50.663s][info][gc] GC(43) Garbage Collection (Proactive) 12M(67%)->10M(56%)
[52.066s][info][gc] GC(44) Garbage Collection (Proactive) 12M(67%)->10M(56%)
[53.673s][info][gc] GC(45) Garbage Collection (Proactive) 12M(67%)->10M(56%)
[55.361s][info][gc] GC(46) Garbage Collection (Proactive) 12M(67%)->10M(56%)
[56.959s][info][gc] GC(47) Garbage Collection (Proactive) 12M(67%)->10M(56%)
[58.773s][info][gc] GC(48) Garbage Collection (Proactive) 12M(67%)->10M(56%)
[60.965s][info][gc] GC(49) Garbage Collection (Proactive) 12M(67%)->10M(56%)
[62.876s][info][gc] GC(50) Garbage Collection (Proactive) 12M(67%)->10M(56%)
[64.571s][info][gc] GC(51) Garbage Collection (Proactive) 12M(67%)->10M(56%)
[66.162s][info][gc] GC(52) Garbage Collection (Proactive) 12M(67%)->10M(56%)
[67.665s][info][gc] GC(53) Garbage Collection (Proactive) 12M(67%)->10M(56%)
[69.362s][info][gc] GC(54) Garbage Collection (Proactive) 12M(67%)->10M(56%)
[70.676s][info][gc] GC(55) Garbage Collection (Proactive) 12M(67%)->10M(56%)
[72.768s][info][gc] GC(56) Garbage Collection (Proactive) 12M(67%)->10M(56%)
[74.669s][info][gc] GC(57) Garbage Collection (Proactive) 12M(67%)->10M(56%)
[76.357s][info][gc] GC(58) Garbage Collection (Proactive) 12M(67%)->14M(78%)
[76.397s][info][gc] Allocation Stall (main) 17.685ms
[76.398s][info][gc] GC(59) Garbage Collection (Allocation Stall) 18M(100%)->12M(67%)
[76.423s][info][gc] Allocation Stall (main) 16.165ms
[76.423s][info][gc] Relocation Stall (main) 0.065ms
[76.423s][info][gc] GC(60) Garbage Collection (Allocation Stall) 18M(100%)->16M(89%)
[76.443s][info][gc] Allocation Stall (main) 14.208ms
[76.445s][info][gc] GC(61) Garbage Collection (Allocation Stall) 18M(100%)->14M(78%)
[76.468s][info][gc] Allocation Stall (main) 16.870ms
[76.468s][info][gc] GC(62) Garbage Collection (Allocation Stall) 18M(100%)->16M(89%)
[76.487s][info][gc] Allocation Stall (main) 14.215ms
[76.488s][info][gc] Relocation Stall (main) 0.130ms
[76.488s][info][gc] GC(63) Garbage Collection (Allocation Stall) 18M(100%)->16M(89%)
[76.505s][info][gc] Allocation Stall (main) 14.094ms
[76.508s][info][gc] GC(64) Garbage Collection (Allocation Stall) 18M(100%)->10M(56%)
[76.556s][info][gc] GC(65) Garbage Collection (Allocation Rate) 10M(56%)->8M(44%)
[76.677s][info][gc] GC(66) Garbage Collection (Allocation Rate) 8M(44%)->8M(44%)
[76.761s][info][gc] GC(67) Garbage Collection (Allocation Rate) 8M(44%)->8M(44%)
[76.851s][info][gc] GC(68) Garbage Collection (Allocation Rate) 8M(44%)->8M(44%)
[76.969s][info][gc] GC(69) Garbage Collection (Allocation Rate) 10M(56%)->8M(44%)
[77.063s][info][gc] GC(70) Garbage Collection (Allocation Rate) 10M(56%)->10M(56%)
[77.179s][info][gc] GC(71) Garbage Collection (Allocation Rate) 12M(67%)->10M(56%)
[77.272s][info][gc] GC(72) Garbage Collection (Allocation Rate) 10M(56%)->10M(56%)
[77.366s][info][gc] GC(73) Garbage Collection (Allocation Rate) 10M(56%)->10M(56%)
[77.471s][info][gc] GC(74) Garbage Collection (Allocation Rate) 10M(56%)->10M(56%)
[77.553s][info][gc] GC(75) Garbage Collection (Allocation Rate) 10M(56%)->10M(56%)
[77.661s][info][gc] GC(76) Garbage Collection (Allocation Rate) 10M(56%)->10M(56%)
[77.755s][info][gc] GC(77) Garbage Collection (Allocation Rate) 10M(56%)->10M(56%)
[77.878s][info][gc] GC(78) Garbage Collection (Allocation Rate) 10M(56%)->10M(56%)
[77.971s][info][gc] GC(79) Garbage Collection (Allocation Rate) 10M(56%)->10M(56%)
[78.065s][info][gc] GC(80) Garbage Collection (Allocation Rate) 12M(67%)->10M(56%)
[78.168s][info][gc] GC(81) Garbage Collection (Allocation Rate) 12M(67%)->10M(56%)
[78.257s][info][gc] GC(82) Garbage Collection (Allocation Rate) 10M(56%)->10M(56%)
[79.861s][info][gc] GC(83) Garbage Collection (Proactive) 12M(67%)->10M(56%)
[81.255s][info][gc] GC(84) Garbage Collection (Proactive) 12M(67%)->10M(56%)
[82.451s][info][gc] GC(85) Garbage Collection (Proactive) 12M(67%)->10M(56%)
[83.563s][info][gc] GC(86) Garbage Collection (Proactive) 12M(67%)->10M(56%)
[85.372s][info][gc] GC(87) Garbage Collection (Proactive) 12M(67%)->10M(56%)
[87.377s][info][gc] GC(88) Garbage Collection (Proactive) 12M(67%)->8M(44%)
[89.251s][info][gc] GC(89) Garbage Collection (Proactive) 10M(56%)->8M(44%)
[91.268s][info][gc] GC(90) Garbage Collection (Proactive) 10M(56%)->8M(44%)
[93.476s][info][gc] GC(91) Garbage Collection (Proactive) 10M(56%)->8M(44%)
[95.349s][info][gc] GC(92) Garbage Collection (Proactive) 10M(56%)->8M(44%)
[97.360s][info][gc] GC(93) Garbage Collection (Proactive) 10M(56%)->10M(56%)
[98.873s][info][gc] GC(94) Garbage Collection (Proactive) 12M(67%)->10M(56%)
[100.951s][info][gc] GC(95) Garbage Collection (Proactive) 12M(67%)->10M(56%)
[102.775s][info][gc] GC(96) Garbage Collection (Proactive) 12M(67%)->10M(56%)
[104.960s][info][gc] GC(97) Garbage Collection (Proactive) 12M(67%)->10M(56%)
[106.867s][info][gc] GC(98) Garbage Collection (Proactive) 12M(67%)->10M(56%)
[108.571s][info][gc] GC(99) Garbage Collection (Proactive) 12M(67%)->10M(56%)
[110.568s][info][gc] GC(100) Garbage Collection (Proactive) 12M(67%)->10M(56%)
[112.265s][info][gc] GC(101) Garbage Collection (Proactive) 12M(67%)->10M(56%)
[113.770s][info][gc] GC(102) Garbage Collection (Proactive) 12M(67%)->10M(56%)
[115.760s][info][gc] GC(103) Garbage Collection (Proactive) 12M(67%)->10M(56%)
[117.357s][info][gc] GC(104) Garbage Collection (Proactive) 12M(67%)->10M(56%)
[118.873s][info][gc] GC(105) Garbage Collection (Proactive) 12M(67%)->10M(56%)
[120.657s][info][gc] GC(106) Garbage Collection (Proactive) 12M(67%)->10M(56%)
[122.265s][info][gc] GC(107) Garbage Collection (Proactive) 12M(67%)->10M(56%)
[123.969s][info][gc] GC(108) Garbage Collection (Proactive) 12M(67%)->10M(56%)
[125.862s][info][gc] GC(109) Garbage Collection (Proactive) 12M(67%)->10M(56%)
[127.465s][info][gc] GC(110) Garbage Collection (Proactive) 12M(67%)->10M(56%)
[129.154s][info][gc] GC(111) Garbage Collection (Proactive) 12M(67%)->10M(56%)
[130.972s][info][gc] GC(112) Garbage Collection (Proactive) 12M(67%)->10M(56%)
[132.872s][info][gc] GC(113) Garbage Collection (Proactive) 12M(67%)->10M(56%)
[134.667s][info][gc] GC(114) Garbage Collection (Proactive) 12M(67%)->10M(56%)
[136.552s][info][gc] GC(115) Garbage Collection (Proactive) 14M(78%)->12M(67%)
[137.064s][info][gc] GC(116) Garbage Collection (Allocation Rate) 14M(78%)->12M(67%)
[137.161s][info][gc] GC(117) Garbage Collection (Allocation Rate) 14M(78%)->12M(67%)
[137.256s][info][gc] GC(118) Garbage Collection (Allocation Rate) 14M(78%)->12M(67%)
[138.158s][info][gc] GC(119) Garbage Collection (Proactive) 14M(78%)->12M(67%)
[139.058s][info][gc] GC(120) Garbage Collection (Proactive) 14M(78%)->12M(67%)
[139.864s][info][gc] GC(121) Garbage Collection (Proactive) 14M(78%)->12M(67%)
[140.803s][info][gc] GC(122) Garbage Collection (Proactive) 14M(78%)->12M(67%)
[142.453s][info][gc] GC(123) Garbage Collection (Allocation Rate) 14M(78%)->12M(67%)
[143.158s][info][gc] GC(124) Garbage Collection (Allocation Rate) 14M(78%)->12M(67%)
[143.252s][info][gc] GC(125) Garbage Collection (Allocation Rate) 14M(78%)->12M(67%)
[145.752s][info][gc] GC(126) Garbage Collection (Proactive) 14M(78%)->12M(67%)
[147.459s][info][gc] GC(127) Garbage Collection (Proactive) 14M(78%)->12M(67%)
[148.755s][info][gc] GC(128) Garbage Collection (Proactive) 14M(78%)->12M(67%)
[149.855s][info][gc] GC(129) Garbage Collection (Proactive) 14M(78%)->12M(67%)
[150.757s][info][gc] GC(130) Garbage Collection (Proactive) 14M(78%)->12M(67%)
[151.660s][info][gc] GC(131) Garbage Collection (Proactive) 14M(78%)->12M(67%)
[152.565s][info][gc] GC(132) Garbage Collection (Proactive) 14M(78%)->12M(67%)
[153.364s][info][gc] GC(133) Garbage Collection (Proactive) 14M(78%)->12M(67%)
[154.255s][info][gc] GC(134) Garbage Collection (Proactive) 14M(78%)->12M(67%)
[155.154s][info][gc] GC(135) Garbage Collection (Proactive) 14M(78%)->12M(67%)
[155.956s][info][gc] GC(136) Garbage Collection (Proactive) 14M(78%)->12M(67%)
[156.753s][info][gc] GC(137) Garbage Collection (Proactive) 14M(78%)->12M(67%)
[157.551s][info][gc] GC(138) Garbage Collection (Proactive) 14M(78%)->12M(67%)
[158.353s][info][gc] GC(139) Garbage Collection (Proactive) 14M(78%)->12M(67%)
[159.258s][info][gc] GC(140) Garbage Collection (Proactive) 14M(78%)->12M(67%)
[160.170s][info][gc] GC(141) Garbage Collection (Proactive) 14M(78%)->10M(56%)
[162.367s][info][gc] GC(142) Garbage Collection (Proactive) 12M(67%)->10M(56%)
[164.365s][info][gc] GC(143) Garbage Collection (Proactive) 12M(67%)->10M(56%)
[166.163s][info][gc] GC(144) Garbage Collection (Proactive) 12M(67%)->10M(56%)
[167.874s][info][gc] GC(145) Garbage Collection (Proactive) 12M(67%)->10M(56%)
[169.766s][info][gc] GC(146) Garbage Collection (Proactive) 12M(67%)->10M(56%)
[171.476s][info][gc] GC(147) Garbage Collection (Proactive) 12M(67%)->10M(56%)
[173.073s][info][gc] GC(148) Garbage Collection (Proactive) 12M(67%)->10M(56%)
[174.671s][info][gc] GC(149) Garbage Collection (Proactive) 12M(67%)->10M(56%)
[176.277s][info][gc] GC(150) Garbage Collection (Proactive) 12M(67%)->10M(56%)
[177.853s][info][gc] GC(151) Garbage Collection (Proactive) 12M(67%)->10M(56%)
[179.770s][info][gc] GC(152) Garbage Collection (Proactive) 12M(67%)->10M(56%)
[181.870s][info][gc] GC(153) Garbage Collection (Proactive) 12M(67%)->10M(56%)
[183.761s][info][gc] GC(154) Garbage Collection (Proactive) 12M(67%)->10M(56%)
[185.359s][info][gc] GC(155) Garbage Collection (Proactive) 12M(67%)->10M(56%)
[186.960s][info][gc] GC(156) Garbage Collection (Proactive) 12M(67%)->10M(56%)
[188.464s][info][gc] GC(157) Garbage Collection (Proactive) 12M(67%)->10M(56%)
[190.661s][info][gc] GC(158) Garbage Collection (Proactive) 12M(67%)->10M(56%)
[192.467s][info][gc] GC(159) Garbage Collection (Proactive) 12M(67%)->10M(56%)
[194.064s][info][gc] GC(160) Garbage Collection (Proactive) 12M(67%)->10M(56%)
[195.657s][info][gc] GC(161) Garbage Collection (Proactive) 12M(67%)->10M(56%)
[196.966s][info][gc] GC(162) Garbage Collection (Proactive) 12M(67%)->10M(56%)
[198.251s][info][gc] GC(163) Garbage Collection (Proactive) 14M(78%)->12M(67%)
[199.464s][info][gc] GC(164) Garbage Collection (Proactive) 14M(78%)->12M(67%)
[200.476s][info][gc] GC(165) Garbage Collection (Proactive) 14M(78%)->14M(78%)
[200.644s][info][gc] GC(166) Garbage Collection (Allocation Rate) 14M(78%)->14M(78%)
[200.667s][info][gc] GC(167) Garbage Collection (Allocation Rate) 14M(78%)->12M(67%)
[200.752s][info][gc] GC(168) Garbage Collection (Allocation Rate) 12M(67%)->12M(67%)
[200.851s][info][gc] GC(169) Garbage Collection (Allocation Rate) 12M(67%)->12M(67%)
[200.953s][info][gc] GC(170) Garbage Collection (Allocation Rate) 12M(67%)->12M(67%)
[201.406s][info][gc] GC(171) Garbage Collection (Allocation Rate) 14M(78%)->12M(67%)
[201.482s][info][gc] GC(172) Garbage Collection (Allocation Rate) 12M(67%)->12M(67%)
[201.550s][info][gc] GC(173) Garbage Collection (Allocation Rate) 14M(78%)->12M(67%)
[202.251s][info][gc] GC(174) Garbage Collection (Allocation Rate) 14M(78%)->12M(67%)
[202.664s][info][gc] GC(175) Garbage Collection (Allocation Rate) 14M(78%)->12M(67%)
[205.651s][info][gc] GC(176) Garbage Collection (Proactive) 14M(78%)->12M(67%)
[207.664s][info][gc] GC(177) Garbage Collection (Proactive) 14M(78%)->12M(67%)
[209.153s][info][gc] GC(178) Garbage Collection (Proactive) 14M(78%)->12M(67%)
[210.262s][info][gc] GC(179) Garbage Collection (Proactive) 14M(78%)->12M(67%)
[211.263s][info][gc] GC(180) Garbage Collection (Proactive) 14M(78%)->12M(67%)
[212.252s][info][gc] GC(181) Garbage Collection (Proactive) 14M(78%)->12M(67%)
[213.151s][info][gc] GC(182) Garbage Collection (Proactive) 14M(78%)->12M(67%)
[213.964s][info][gc] GC(183) Garbage Collection (Proactive) 14M(78%)->12M(67%)
[214.760s][info][gc] GC(184) Garbage Collection (Proactive) 14M(78%)->12M(67%)
[215.551s][info][gc] GC(185) Garbage Collection (Proactive) 14M(78%)->12M(67%)
[216.355s][info][gc] GC(186) Garbage Collection (Proactive) 14M(78%)->12M(67%)
[217.155s][info][gc] GC(187) Garbage Collection (Proactive) 14M(78%)->12M(67%)
[217.957s][info][gc] GC(188) Garbage Collection (Proactive) 14M(78%)->12M(67%)
[218.850s][info][gc] GC(189) Garbage Collection (Proactive) 14M(78%)->12M(67%)
[219.662s][info][gc] GC(190) Garbage Collection (Proactive) 14M(78%)->12M(67%)
[220.459s][info][gc] GC(191) Garbage Collection (Proactive) 14M(78%)->12M(67%)
[221.252s][info][gc] GC(192) Garbage Collection (Proactive) 14M(78%)->12M(67%)
[222.157s][info][gc] GC(193) Garbage Collection (Proactive) 14M(78%)->12M(67%)
[223.055s][info][gc] GC(194) Garbage Collection (Proactive) 14M(78%)->12M(67%)
[223.951s][info][gc] GC(195) Garbage Collection (Proactive) 14M(78%)->12M(67%)
[224.750s][info][gc] GC(196) Garbage Collection (Proactive) 14M(78%)->12M(67%)
[225.550s][info][gc] GC(197) Garbage Collection (Proactive) 14M(78%)->12M(67%)
[226.457s][info][gc] GC(198) Garbage Collection (Proactive) 14M(78%)->12M(67%)
[227.261s][info][gc] GC(199) Garbage Collection (Proactive) 14M(78%)->12M(67%)
[228.154s][info][gc] GC(200) Garbage Collection (Proactive) 14M(78%)->12M(67%)
[228.965s][info][gc] GC(201) Garbage Collection (Proactive) 14M(78%)->12M(67%)
[229.755s][info][gc] GC(202) Garbage Collection (Proactive) 14M(78%)->12M(67%)
[230.564s][info][gc] GC(203) Garbage Collection (Proactive) 14M(78%)->12M(67%)
[231.360s][info][gc] GC(204) Garbage Collection (Proactive) 14M(78%)->12M(67%)
[232.159s][info][gc] GC(205) Garbage Collection (Proactive) 14M(78%)->12M(67%)
[232.954s][info][gc] GC(206) Garbage Collection (Proactive) 14M(78%)->12M(67%)
[233.754s][info][gc] GC(207) Garbage Collection (Proactive) 14M(78%)->12M(67%)
[234.561s][info][gc] GC(208) Garbage Collection (Proactive) 14M(78%)->12M(67%)
[235.351s][info][gc] GC(209) Garbage Collection (Proactive) 14M(78%)->12M(67%)
[236.158s][info][gc] GC(210) Garbage Collection (Proactive) 14M(78%)->12M(67%)
[237.051s][info][gc] GC(211) Garbage Collection (Proactive) 14M(78%)->12M(67%)
[237.857s][info][gc] GC(212) Garbage Collection (Proactive) 14M(78%)->12M(67%)
[238.659s][info][gc] GC(213) Garbage Collection (Proactive) 14M(78%)->12M(67%)
[239.459s][info][gc] GC(214) Garbage Collection (Proactive) 14M(78%)->14M(78%)
[252.262s][info][gc] GC(215) Garbage Collection (Allocation Rate) 16M(89%)->12M(67%)
[252.561s][info][gc] GC(216) Garbage Collection (Allocation Rate) 14M(78%)->12M(67%)
[253.457s][info][gc] GC(217) Garbage Collection (Proactive) 14M(78%)->14M(78%)
[268.365s][info][gc] GC(218) Garbage Collection (Allocation Rate) 16M(89%)->12M(67%)
[268.551s][info][gc] GC(219) Garbage Collection (Allocation Rate) 14M(78%)->12M(67%)
[269.351s][info][gc] GC(220) Garbage Collection (Proactive) 14M(78%)->12M(67%)
[270.151s][info][gc] GC(221) Garbage Collection (Proactive) 14M(78%)->12M(67%)
[270.958s][info][gc] GC(222) Garbage Collection (Proactive) 14M(78%)->12M(67%)
[271.759s][info][gc] GC(223) Garbage Collection (Proactive) 14M(78%)->12M(67%)
[272.664s][info][gc] GC(224) Garbage Collection (Proactive) 14M(78%)->12M(67%)
[273.563s][info][gc] GC(225) Garbage Collection (Proactive) 14M(78%)->12M(67%)
[274.355s][info][gc] GC(226) Garbage Collection (Proactive) 14M(78%)->12M(67%)
[275.156s][info][gc] GC(227) Garbage Collection (Proactive) 14M(78%)->12M(67%)
[275.959s][info][gc] GC(228) Garbage Collection (Proactive) 14M(78%)->12M(67%)
[276.756s][info][gc] GC(229) Garbage Collection (Proactive) 14M(78%)->12M(67%)
[277.554s][info][gc] GC(230) Garbage Collection (Proactive) 14M(78%)->12M(67%)
[278.350s][info][gc] GC(231) Garbage Collection (Proactive) 14M(78%)->12M(67%)
[279.164s][info][gc] GC(232) Garbage Collection (Proactive) 14M(78%)->12M(67%)
[279.959s][info][gc] GC(233) Garbage Collection (Proactive) 14M(78%)->12M(67%)
[280.765s][info][gc] GC(234) Garbage Collection (Proactive) 14M(78%)->12M(67%)
[281.564s][info][gc] GC(235) Garbage Collection (Proactive) 14M(78%)->12M(67%)
[282.362s][info][gc] GC(236) Garbage Collection (Proactive) 14M(78%)->12M(67%)
[283.162s][info][gc] GC(237) Garbage Collection (Proactive) 14M(78%)->12M(67%)
[283.953s][info][gc] GC(238) Garbage Collection (Proactive) 14M(78%)->12M(67%)
[284.764s][info][gc] GC(239) Garbage Collection (Proactive) 14M(78%)->12M(67%)
[285.559s][info][gc] GC(240) Garbage Collection (Proactive) 14M(78%)->12M(67%)
[286.461s][info][gc] GC(241) Garbage Collection (Proactive) 14M(78%)->12M(67%)
[287.258s][info][gc] GC(242) Garbage Collection (Proactive) 14M(78%)->12M(67%)
[288.054s][info][gc] GC(243) Garbage Collection (Proactive) 14M(78%)->12M(67%)
[288.862s][info][gc] GC(244) Garbage Collection (Proactive) 14M(78%)->12M(67%)
[289.660s][info][gc] GC(245) Garbage Collection (Proactive) 14M(78%)->12M(67%)
[290.460s][info][gc] GC(246) Garbage Collection (Proactive) 14M(78%)->12M(67%)
[291.257s][info][gc] GC(247) Garbage Collection (Proactive) 14M(78%)->12M(67%)
[292.055s][info][gc] GC(248) Garbage Collection (Proactive) 14M(78%)->12M(67%)
[292.850s][info][gc] GC(249) Garbage Collection (Proactive) 14M(78%)->12M(67%)
[293.662s][info][gc] GC(250) Garbage Collection (Proactive) 14M(78%)->12M(67%)
[294.457s][info][gc] GC(251) Garbage Collection (Proactive) 14M(78%)->12M(67%)
[295.358s][info][gc] GC(252) Garbage Collection (Proactive) 14M(78%)->12M(67%)
[296.264s][info][gc] GC(253) Garbage Collection (Proactive) 14M(78%)->12M(67%)
[297.164s][info][gc] GC(254) Garbage Collection (Proactive) 14M(78%)->12M(67%)
[298.054s][info][gc] GC(255) Garbage Collection (Proactive) 14M(78%)->12M(67%)
[298.852s][info][gc] GC(256) Garbage Collection (Proactive) 14M(78%)->12M(67%)
[299.653s][info][gc] GC(257) Garbage Collection (Proactive) 14M(78%)->12M(67%)
[300.464s][info][gc] GC(258) Garbage Collection (Proactive) 14M(78%)->12M(67%)
[301.259s][info][gc] GC(259) Garbage Collection (Proactive) 14M(78%)->12M(67%)
[302.061s][info][gc] GC(260) Garbage Collection (Proactive) 14M(78%)->12M(67%)
[302.964s][info][gc] GC(261) Garbage Collection (Proactive) 14M(78%)->12M(67%)
[303.759s][info][gc] GC(262) Garbage Collection (Proactive) 14M(78%)->12M(67%)
[304.554s][info][gc] GC(263) Garbage Collection (Proactive) 14M(78%)->12M(67%)
[305.364s][info][gc] GC(264) Garbage Collection (Proactive) 14M(78%)->12M(67%)
[306.159s][info][gc] GC(265) Garbage Collection (Proactive) 14M(78%)->12M(67%)
[306.954s][info][gc] GC(266) Garbage Collection (Proactive) 14M(78%)->12M(67%)
[307.750s][info][gc] GC(267) Garbage Collection (Proactive) 14M(78%)->12M(67%)
[308.551s][info][gc] GC(268) Garbage Collection (Proactive) 14M(78%)->12M(67%)
[309.453s][info][gc] GC(269) Garbage Collection (Proactive) 14M(78%)->12M(67%)
[310.264s][info][gc] GC(270) Garbage Collection (Proactive) 14M(78%)->12M(67%)
[311.059s][info][gc] GC(271) Garbage Collection (Proactive) 14M(78%)->12M(67%)
[311.859s][info][gc] GC(272) Garbage Collection (Proactive) 14M(78%)->12M(67%)
[312.652s][info][gc] GC(273) Garbage Collection (Proactive) 14M(78%)->12M(67%)
[313.458s][info][gc] GC(274) Garbage Collection (Proactive) 14M(78%)->12M(67%)
[314.258s][info][gc] GC(275) Garbage Collection (Proactive) 14M(78%)->12M(67%)
[315.054s][info][gc] GC(276) Garbage Collection (Proactive) 14M(78%)->12M(67%)
[315.852s][info][gc] GC(277) Garbage Collection (Proactive) 14M(78%)->12M(67%)
[316.661s][info][gc] GC(278) Garbage Collection (Proactive) 14M(78%)->12M(67%)
[317.453s][info][gc] GC(279) Garbage Collection (Proactive) 14M(78%)->12M(67%)
[318.258s][info][gc] GC(280) Garbage Collection (Proactive) 14M(78%)->12M(67%)
[319.062s][info][gc] GC(281) Garbage Collection (Proactive) 14M(78%)->12M(67%)
[319.873s][info][gc] GC(282) Garbage Collection (Proactive) 14M(78%)->10M(56%)
[321.974s][info][gc] GC(283) Garbage Collection (Proactive) 12M(67%)->10M(56%)
[323.765s][info][gc] GC(284) Garbage Collection (Proactive) 12M(67%)->10M(56%)
[325.574s][info][gc] GC(285) Garbage Collection (Proactive) 12M(67%)->10M(56%)
[327.163s][info][gc] GC(286) Garbage Collection (Proactive) 12M(67%)->10M(56%)
[328.864s][info][gc] GC(287) Garbage Collection (Proactive) 12M(67%)->10M(56%)
[330.668s][info][gc] GC(288) Garbage Collection (Proactive) 12M(67%)->10M(56%)
[332.359s][info][gc] GC(289) Garbage Collection (Proactive) 12M(67%)->10M(56%)
[334.173s][info][gc] GC(290) Garbage Collection (Proactive) 12M(67%)->10M(56%)
[336.071s][info][gc] GC(291) Garbage Collection (Proactive) 12M(67%)->10M(56%)
[337.756s][info][gc] GC(292) Garbage Collection (Proactive) 12M(67%)->10M(56%)
[339.670s][info][gc] GC(293) Garbage Collection (Proactive) 12M(67%)->10M(56%)
